[spline.design/customers.html]
[backblue.gif]
[fade.gif]
[index.html]
[spline.design/images/icon_favicon16x16.png]
[spline.design/images/icon_favicon32x32.png]
[spline.design/fonts/SplineSans-Medium.woff2]
[spline.design/fonts/SplineSans-Regular.woff2]
[spline.design/fonts/Brockmann-Regular.woff2]
[spline.design/fonts/Brockmann-Medium.woff2]
[spline.design/_next/static/media/spline_image_banner.de9090c7.png]
[spline.design/_next/static/css/794bdb826220adef.css]
[spline.design/_next/static/css/3c87eaafd1de82f0.css]
[spline.design/_next/static/css/5375a9626fb6887e.css]
[spline.design/_next/static/chunks/polyfills-c67a75d1b6f99dc8.js]
[spline.design/_next/static/chunks/webpack-cfb5982e3bd3177a.js]
[spline.design/_next/static/chunks/framework-37c2038a4ce3a426.js]
[spline.design/_next/static/chunks/main-18ab93e2b5bd5c05.js]
[spline.design/_next/static/chunks/pages/_app-8b9a73cb863cf685.js]
[spline.design/_next/static/chunks/2236-30f8de2094b15cd8.js]
[spline.design/_next/static/chunks/1216-f05bdd595d6586e8.js]
[spline.design/_next/static/chunks/6116-b8520a723815aa6f.js]
[spline.design/_next/static/chunks/7714-a7a680c4e6af97d1.js]
[spline.design/_next/static/chunks/7052-879a2fcd5c1ba582.js]
[spline.design/_next/static/chunks/747-8af70f897fff674c.js]
[spline.design/_next/static/chunks/6158-6b3150ccc73d1bd6.js]
[spline.design/_next/static/chunks/pages/customers-71cda59fca87c207.js]
[spline.design/_next/static/9Lun_oUAk4eIJmsIjDE7H/_buildManifest.js]
[spline.design/_next/static/9Lun_oUAk4eIJmsIjDE7H/_ssgManifest.js]
[spline.design/hackathon.html]
[spline.design/index.html]
[spline.design/_next/spline_logo1eec.png]
[spline.design/enterprise.html]
[spline.design/pricing.html]
[spline.design/_next/Scale783d.png]
[spline.design/_next/Alloy4900.png]
[spline.design/_next/Forbesc470.png]
[spline.design/_next/Polaroid6ad3.png]
[spline.design/_next/Luma22db.png]
[spline.design/_next/Wild4ca6.png]
[spline.design/_next/avatar-1ebf5.png]
[spline.design/_next/avatar-22311.png]
[spline.design/_next/avatar-31463.png]
[spline.design/_next/editor-download3c93.jpg]
[spline.design/_next/spline-app-icon-v2a182.png]
[spline.design/hana]
[spline.design/ios.html]
[spline.design/android.html]
[spline.design/spline-mirror.html]
[spline.design/download.html]
[spline.design/download-mirror.html]
[spline.design/ai-generate.html]
[spline.design/ai-style-transfer.html]
[spline.design/contra.html]
[spline.design/education.html]
[spline.design/solutions.html]
[spline.design/examples.html]
[spline.design/tutorials.html]
[spline.design/terms.html]
[spline.design/privacy.html]
[spline.design/customers.html]
[spline.design/security.html]
[spline.design/fonts/SplineSansMono-Regular.woff2]
[spline.design/_next/static/css/794bdb826220adef.css]
[spline.design/_next/static/css/3c87eaafd1de82f0.css]
[spline.design/_next/static/css/5375a9626fb6887e.css]
[spline.design/_next/static/media/og_spline_contra_hackathon.b38f2c08.png]
[spline.design/_next/static/css/a1bc0db531c11aa0.css]
[spline.design/_next/static/chunks/58a3678d-abbefe39ead0f07c.js]
[spline.design/_next/static/chunks/2594-7a7b50016809cc1c.js]
[spline.design/_next/static/chunks/9849-ecb1b6cc72b22ce0.js]
[spline.design/_next/static/chunks/pages/hackathon-4be53328d825790b.js]
[spline.design/_next/spline_logobd99.png]
[spline.design/_assets/_videos/hackathon.mp4]
[spline.design/_next/fons1676.png]
[spline.design/_next/max125c.png]
[spline.design/_next/emilifae3.png]
[spline.design/_next/gabor5cf1.png]
[spline.design/_next/erin6ffb.png]
[spline.design/hackathon.html]
[spline.design/_next/static/css/92cafae0dac33876.css]
[spline.design/_next/static/chunks/57-7c216cf57fbc9907.js]
[spline.design/_next/static/chunks/pages/index-b6e9936682ff005e.js]
[spline.design/'https_/my.spline.design/cubeaxiswebsiteupdatedinprod-c7eb2ea95c5e22c50b14b5333ee86583/'.4b.delayed]
[spline.design/_next/typedream7b56.png]
[spline.design/index.html]
[spline.design/_next/static/media/spline_enterprise_og.f4e0dc52.png]
[spline.design/_next/static/chunks/pages/enterprise-9c4809de7f6de446.js]
[spline.design/_next/soc60c3.png]
[spline.design/_next/collabImage29c6.png]
[spline.design/_next/filipe112e.png]
[spline.design/enterprise.html]
[spline.design/_next/static/css/c1cd1bee4a86b65e.css]
[spline.design/_next/static/chunks/pages/pricing-925ea10f0c5b2d8c.js]
[spline.design/_next/pricing-footer33da.png]
[spline.design/pricing.html]
[spline.design/_next/static/css/160e5c52878325a5.css]
[spline.design/hana]
[spline.design/_next/static/chunks/pages/hana-2df83f8b81eaf707.js]
[spline.design/_next/static/css/c3b90919515a4318.css]
[spline.design/_next/static/chunks/7411-6586b4d9d70460f9.js]
[spline.design/_next/static/chunks/7789-57619d854900dd73.js]
[spline.design/_next/static/chunks/pages/ios-37e74a6525025e1b.js]
[spline.design/_next/appgen-header2bb2.png]
[spline.design/ios.html]
[spline.design/_next/static/css/980a60ccd187db08.css]
[spline.design/_next/static/chunks/pages/android-ebb75bb72606cbff.js]
[spline.design/_next/appgen-header4ae4.png]
[spline.design/android.html]
[spline.design/_next/static/media/og-spline-mirror.35683ae7.png]
[spline.design/_next/static/css/626a660ebfec0102.css]
[spline.design/_next/static/chunks/pages/spline-mirror-56ee324a54150983.js]
[spline.design/_next/Section_1_Image_3-22efb.png]
[spline.design/spline-mirror.html]
[spline.design/_next/static/css/b6d7a109855357c1.css]
[spline.design/download.html]
[spline.design/_next/static/chunks/pages/download-2192f1b2aeb9c57c.js]
[spline.design/_next/static/css/7434d1318c5eab4c.css]
[spline.design/download-mirror.html]
[spline.design/_next/static/chunks/pages/download-mirror-01c980af8094f691.js]
[spline.design/_next/static/media/AI_Generate_OG.d27363f9.png]
[spline.design/_next/static/css/66490cda8e3bfad1.css]
[spline.design/_next/static/chunks/5459-84a5f6def224b050.js]
[spline.design/_next/static/chunks/pages/ai-generate-e60b91f949e0054e.js]
[spline.design/_next/HeroLefte40b.png]
[spline.design/_next/HeroRightd4f1.png]
[spline.design/_next/girlHighRes6cfc.png]
[spline.design/_next/MagicBottleMobile196d.png]
[spline.design/_next/BottleMagicTextMobileadf8.png]
[spline.design/_next/libraryMedia40b3.png]
[spline.design/_next/EmbedsCapture7bf2.png]
[spline.design/_next/lastSectiond6b7.png]
[spline.design/ai-generate.html]
[spline.design/_next/static/media/spline_ai_style_transfer_og.e9189214.png]
[spline.design/_next/static/css/6495ed74d188ae46.css]
[spline.design/_next/static/chunks/5515-c0a1a9ebdebb27ef.js]
[spline.design/_next/static/chunks/pages/ai-style-transfer-ebfb336212327cd5.js]
[spline.design/_next/ai-style-transfer-heroe88e.png]
[spline.design/_next/mosaicefb7.png]
[spline.design/_next/water3276.png]
[spline.design/_next/bricks8e24.png]
[spline.design/_next/concrete126c.png]
[spline.design/ai-style-transfer.html]
[spline.design/_next/static/media/og_spline_contra_min.cb23eabf.png]
[spline.design/_next/static/css/8dfe0ef64f7f2e30.css]
[spline.design/contra.html]
[spline.design/_next/static/chunks/pages/contra-e9a0f328adef38a8.js]
[spline.design/_next/static/css/a2432e90fb27e028.css]
[spline.design/_next/static/chunks/7074-702db4e833de23fc.js]
[spline.design/_next/static/chunks/pages/education-b2ac45d21f065f56.js]
[spline.design/_next/sign-up-icona847.png]
[spline.design/_next/application-form-icond2a6.png]
[spline.design/_next/upgrade-super-icon7768.png]
[spline.design/_next/section44e88.png]
[spline.design/education.html]
[spline.design/_next/static/css/be4a9ece1ee20081.css]
[spline.design/_next/static/chunks/pages/solutions-b6e0376f145921f7.js]
[spline.design/solutions/3d-product-showcase.html]
[spline.design/solutions/vector-to-3d.html]
[spline.design/solutions/motion-design.html]
[spline.design/solutions/3d-illustrations.html]
[spline.design/solutions/animated-logos.html]
[spline.design/solutions/interactive-marketing.html]
[spline.design/solutions/brand-design.html]
[spline.design/solutions/3d-web-experiences.html]
[spline.design/solutions/3d-prototyping.html]
[spline.design/solutions/interactive-learning-and-development-for-teams.html]
[spline.design/solutions/3d-mobile-experiences.html]
[spline.design/solutions/character-animation-and-3d-avatars.html]
[spline.design/solutions/gamified-experiences.html]
[spline.design/solutions/product-packaging-mockups.html]
[spline.design/solutions/xr-vr-storytelling.html]
[spline.design/solutions/ar-vr-prototyping.html]
[spline.design/solutions/ai-voice-with-real-time-api.html]
[spline.design/solutions/build-a-portfolio-website.html]
[spline.design/solutions/science-simulation.html]
[spline.design/solutions/biotech-and-medical-visualization.html]
[spline.design/solutions/3d-fashion-apparel-showcase.html]
[spline.design/solutions/3d-visualization.html]
[spline.design/solutions/3d-product-design.html]
[spline.design/solutions/3d-graphic-design.html]
[spline.design/solutions/3d-animation.html]
[spline.design/solutions/3d-websites.html]
[spline.design/solutions/ui-design.html]
[spline.design/solutions/automotive-and-transportation.html]
[spline.design/solutions/saas.html]
[spline.design/solutions/e-commerce-and-retail.html]
[spline.design/solutions/business-services-and-consulting.html]
[spline.design/solutions/education-and-training.html]
[spline.design/solutions/finance-and-banking.html]
[spline.design/solutions/advertising.html]
[spline.design/solutions/entertainment.html]
[spline.design/solutions/interior-design.html]
[spline.design/solutions/energy-and-cleantech.html]
[spline.design/solutions/creative-developers.html]
[spline.design/solutions/design-leaders.html]
[spline.design/solutions/students.html]
[spline.design/solutions/teachers.html]
[spline.design/solutions/freelancers.html]
[spline.design/solutions/design-teams.html]
[spline.design/solutions/agencies.html]
[spline.design/solutions.html]
[spline.design/solutions/startups.html]
[spline.design/_next/static/css/1064de413762818a.css]
[spline.design/examples.html]
[spline.design/_next/static/chunks/pages/examples-9903220409eff5bb.js]
[spline.design/_next/static/css/3aad6de118983a4c.css]
[spline.design/tutorials.html]
[spline.design/_next/static/chunks/pages/tutorials-2e152a69077c91a3.js]
[spline.design/_next/static/css/857b9625a6fa82ff.css]
[spline.design/terms.html]
[spline.design/_next/static/chunks/pages/terms-f09f95e97cbf3eb2.js]
[spline.design/privacy.html]
[spline.design/_next/static/chunks/pages/privacy-e9e8dbcbe1e4dc7d.js]
[spline.design/_next/static/css/637d709cd9902cbe.css]
[spline.design/_next/static/chunks/pages/security-46d06c9661cb8dfa.js]
[spline.design/_next/soc20e50.png]
[spline.design/security.html]
[spline.design/_next/static/css/a1bc0db531c11aa0.css]
[spline.design/_next/static/css/92cafae0dac33876.css]
[spline.design/'https_/my.spline.design/cubeaxiswebsiteupdatedinprod-c7eb2ea95c5e22c50b14b5333ee86583/404]
[spline.design/_next/static/css/c1cd1bee4a86b65e.css]
[spline.design/_next/static/css/160e5c52878325a5.css]
[spline.design/_next/static/css/c3b90919515a4318.css]
[spline.design/_next/static/css/980a60ccd187db08.css]
[spline.design/_next/static/css/626a660ebfec0102.css]
[spline.design/_next/static/css/b6d7a109855357c1.css]
[spline.design/_next/static/css/7434d1318c5eab4c.css]
[spline.design/_next/static/css/66490cda8e3bfad1.css]
[spline.design/_next/static/css/6495ed74d188ae46.css]
[spline.design/_next/static/css/8dfe0ef64f7f2e30.css]
[spline.design/_next/static/css/a2432e90fb27e028.css]
[spline.design/_next/static/css/be4a9ece1ee20081.css]
[spline.design/_next/static/css/e6313d9968414623.css]
[spline.design/solutions/3d-product-showcase.html]
[spline.design/solutions/vector-to-3d.html]
[spline.design/solutions/motion-design.html]
[spline.design/solutions/3d-illustrations.html]
[spline.design/solutions/animated-logos.html]
[spline.design/solutions/interactive-marketing.html]
[spline.design/solutions/brand-design.html]
[spline.design/solutions/3d-web-experiences.html]
[spline.design/solutions/3d-prototyping.html]
[spline.design/solutions/interactive-learning-and-development-for-teams.html]
[spline.design/solutions/3d-mobile-experiences.html]
[spline.design/solutions/character-animation-and-3d-avatars.html]
[spline.design/solutions/gamified-experiences.html]
[spline.design/solutions/product-packaging-mockups.html]
[spline.design/solutions/xr-vr-storytelling.html]
[spline.design/solutions/ar-vr-prototyping.html]
[spline.design/solutions/ai-voice-with-real-time-api.html]
[spline.design/solutions/build-a-portfolio-website.html]
[spline.design/solutions/science-simulation.html]
[spline.design/solutions/biotech-and-medical-visualization.html]
[spline.design/solutions/3d-fashion-apparel-showcase.html]
[spline.design/solutions/3d-visualization.html]
[spline.design/solutions/3d-product-design.html]
[spline.design/solutions/3d-graphic-design.html]
[spline.design/solutions/3d-animation.html]
[spline.design/solutions/3d-websites.html]
[spline.design/solutions/ui-design.html]
[spline.design/solutions/automotive-and-transportation.html]
[spline.design/solutions/saas.html]
[spline.design/solutions/e-commerce-and-retail.html]
[spline.design/solutions/business-services-and-consulting.html]
[spline.design/solutions/education-and-training.html]
[spline.design/solutions/finance-and-banking.html]
[spline.design/solutions/advertising.html]
[spline.design/solutions/entertainment.html]
[spline.design/solutions/interior-design.html]
[spline.design/solutions/energy-and-cleantech.html]
[spline.design/solutions/creative-developers.html]
[spline.design/solutions/design-leaders.html]
[spline.design/solutions/students.html]
[spline.design/solutions/teachers.html]
[spline.design/solutions/freelancers.html]
[spline.design/solutions/design-teams.html]
[spline.design/solutions/agencies.html]
[spline.design/solutions/startups.html]
[spline.design/_next/static/css/1064de413762818a.css]
[spline.design/_next/static/css/3aad6de118983a4c.css]
[spline.design/_next/static/css/857b9625a6fa82ff.css]
[spline.design/_next/static/css/637d709cd9902cbe.css]
[spline.design/icons/spinner.svg]
[spline.design/_next/static/media/checkmark-purple-small.e5fc2cb6.svg]
[spline.design/_next/static/media/checkmark-green-small.85d2ea46.svg]
[spline.design/_next/static/media/checkmark-blue-small.0521df93.svg]
[spline.design/_next/static/media/checkmark-small.c636eb9c.svg]
[spline.design/_next/static/css/e6313d9968414623.css]
[spline.design/_next/static/chunks/pages/solutions/[id]-2600265f428b66bd.js]
